// Jest Snapshot v1, https://goo.gl/fbAQLP

exports[`GoogleMap should render 1`] = `null`;

exports[`should start with map on the page 1`] = `
<div
  style={
    Object {
      "height": "425px",
      "marginBottom": "25px",
      "marginLeft": "25%",
      "position": "relative",
      "width": "50%",
      "zIndex": "0",
    }
  }
>
  <div
    style={
      Object {
        "height": "100%",
      }
    }
  />
</div>
`;
