// Jest Snapshot v1, https://goo.gl/fbAQLP

exports[`should start with events on the page 1`] = `
<div>
  <div
    style={
      Object {
        "height": "425px",
        "marginLeft": "25%",
        "position": "relative",
        "width": "50%",
        "zIndex": "0",
      }
    }
  >
    <div
      style={
        Object {
          "height": "100%",
        }
      }
    />
  </div>
  <span>
    <div
      className="categoryModal"
    >
      <button
        onClick={[Function]}
      >
        Event Category Descriptions!
      </button>
    </div>
    <div />
  </span>
</div>
`;
