// Jest Snapshot v1, https://goo.gl/fbAQLP

exports[`should start with a disabled selection button 1`] = `
<div>
  <form
    className="DatePicker"
    onSubmit={[Function]}
  >
    <input
      max="2019-11-14"
      min="1995-06-21"
      name="query"
      onChange={[Function]}
      type="date"
      value=""
    />
    <div
      className="ButtonDiv"
    >
      <button
        disabled={true}
        type="submit"
      >
        select date
      </button>
    </div>
  </form>
  <div
    className="DateResult"
  >
    <div
      className="DateResult"
    />
  </div>
</div>
`;

exports[`should start with no date selected 1`] = `
<div>
  <form
    className="DatePicker"
    onSubmit={[Function]}
  >
    <input
      max="2019-11-14"
      min="1995-06-21"
      name="query"
      onChange={[Function]}
      type="date"
      value=""
    />
    <div
      className="ButtonDiv"
    >
      <button
        disabled={true}
        type="submit"
      >
        select date
      </button>
    </div>
  </form>
  <div
    className="DateResult"
  >
    <div
      className="DateResult"
    />
  </div>
</div>
`;
