// Jest Snapshot v1, https://goo.gl/fbAQLP

exports[`should start with a disabled search button 1`] = `
<div>
  <form
    className="SearchForm"
    onSubmit={[Function]}
  >
    <input
      name="query"
      onChange={[Function]}
      type="text"
      value=""
    />
    <div
      className="ButtonBar"
    >
      <button
        disabled={true}
        type="submit"
      >
        search
      </button>
    </div>
  </form>
  <div
    className="ImageResults"
  >
    <div
      className="search"
    />
  </div>
</div>
`;

exports[`should start with an empty search field 1`] = `
<div>
  <form
    className="SearchForm"
    onSubmit={[Function]}
  >
    <input
      name="query"
      onChange={[Function]}
      type="text"
      value=""
    />
    <div
      className="ButtonBar"
    >
      <button
        disabled={true}
        type="submit"
      >
        search
      </button>
    </div>
  </form>
  <div
    className="ImageResults"
  >
    <div
      className="search"
    />
  </div>
</div>
`;
